[2026-06-19T11:38:00+02:00] Initialized Odoo Testeador agent.
[2026-06-19T11:38:05+02:00] Viewed Odoo 16 Developer skill instructions.
[2026-06-19T11:38:30+02:00] Discovered custom module files and inspected op_student.py and diploma_graduacion_wizard.py.
[2026-06-19T11:38:40+02:00] Inspected manifest file of irg_diploma_graduacion_student.
[2026-06-19T11:38:50+02:00] Inspected student.py, course.py, and batch.py definitions from community-16 to determine required fields.
[2026-06-19T11:40:02+02:00] Created addons-extra/extrairg/irg_diploma_graduacion_student/tests/__init__.py.
[2026-06-19T11:40:06+02:00] Ran command in container to verify LibreOffice installation: /usr/bin/libreoffice is present.
[2026-06-19T11:40:11+02:00] Ran command in container to verify python-docx package: version 1.2.0 is available.
[2026-06-19T11:40:18+02:00] Queried postgres databases to list active databases; confirmed odoo16irg_local is available.
[2026-06-19T11:40:39+02:00] Created addons-extra/extrairg/irg_diploma_graduacion_student/tests/test_diploma.py with the TransactionCase setup and the test flow.
[2026-06-19T11:40:43+02:00] Initiated standard test run. The test for our custom module passed, but the run exited with code 1 due to unrelated test failures in the base 'website' module.
[2026-06-19T11:41:50+02:00] Ran the Odoo tests using --test-tags /irg_diploma_graduacion_student to isolate our module's tests. The test completed successfully (1 test passed, 0 failed, 0 errors).
[2026-06-19T11:42:02+02:00] Created the directory missions/irg_diploma_graduacion_student/artifacts.
[2026-06-19T11:42:04+02:00] Ran the isolated tests and redirected the stdout and stderr output to missions/irg_diploma_graduacion_student/artifacts/test-output.log.
[2026-06-19T11:42:19+02:00] Created missions/irg_diploma_graduacion_student/verification.json with a passed status.
[2026-06-19T11:43:00+02:00] Initialized Odoo Documentador agent.
[2026-06-19T11:43:41+02:00] Created CHANGELOG_2026-06-19_irg_diploma_graduacion_student.md in project workspace.
[2026-06-19T11:43:47+02:00] Created knowledge base entry in .agents/knowledge/odoo_development_modding/artifacts/irg_diploma_graduacion_student.md.
[2026-06-19T11:43:57+02:00] Created walkthrough.md in conversation artifact directory.
[2026-06-19T11:44:06+02:00] Copied walkthrough.md to main agent brain directory.
[2026-06-19T11:44:11+02:00] Staged new module files via git add.
[2026-06-19T11:44:14+02:00] Generated cached diff patch to missions/irg_diploma_graduacion_student/diff.patch.
[2026-06-19T11:45:00+02:00] Updated execution.log with documentation and git activities.
