2026-07-16 11:52 CEST | validation | Read mission plan, approved micro-spec, addon production code, complete test suite, project knowledge, workflow, and inherited isep_gradebook methods.
2026-07-16 11:53 CEST | validation | Confirmed docker-compose.local.yml services and restricted runtime work to test_irg_db.
2026-07-16 11:54 CEST | validation | Ran module upgrade and full tagged suite with Odoo 16. Functional result: 16 tests, 0 failed, 0 errors. The capture wrapper subsequently returned 1 because it assigned zsh's reserved variable `status`; this was a harness error after Odoo shutdown, not a product or test failure.
2026-07-16 11:54 CEST | validation retry | Repeated the complete upgrade and full tagged suite with a corrected Bash pipe-status wrapper. Result: 16 tests, 0 failed, 0 errors, Odoo/container exit 0. No model-tier escalation was required.
2026-07-16 11:55 CEST | static validation | Compiled all 8 Python sources in-memory inside docker-compose.local.yml; parsed manifest; checked declared dependency and model import. All passed.
2026-07-16 11:56 CEST | scope validation | Verified no tracked or untracked changes in addons-extra/addons_uisep/isep_gradebook. Reviewed effective-template logic and acceptance assertions. Confirmed canonical state_to_done() transition, no direct done write, monkey-patch, broad exception, SQL, sudo, global context mutation, or data migration.
2026-07-16 11:56 CEST | environment | Existing repository-wide warnings were observed while loading 720 modules: missing licenses in unrelated manifests, invalid escape deprecations, unrelated invalid field parameters, duplicate labels, and swigvarlink deprecation. None originated from irg_gradebook_auto_close and none produced a failed/error test.
2026-07-16 11:57 CEST | safety | No commit, pull, push, PR, SSH, deployment, or Dev database/server action performed.
2026-07-16 12:00 CEST | coverage | Added ORM regressions for interaction/foro cannot-add and may-remove semantics plus matching Assignment/Exam preservation.
2026-07-16 12:03 CEST | mutation sensitivity | Temporarily bypassed the intersection for interaction/foro. Full suite failed exactly at test_main_exam_only_limits_subject_interaction_and_foro: show_interaction True is not false; 1 failed, 0 errors of 19 methods, exit 1.
2026-07-16 12:04 CEST | mutation restore | Restored interaction/foro mapping to effective_types before final GREEN.
2026-07-16 12:04 CEST | coverage GREEN | Fresh full module upgrade and tagged suite on docker-compose.local.yml/test_irg_db: exactly 19 post-test methods, 0 failed, 0 errors, exit 0.
2026-07-16 12:10 CEST | coverage | Added ORM regressions proving a subject cannot add Exam to an Assignment-only main template and missing-main fallback preserves the base line-template visibility.
2026-07-16 12:14 CEST | coverage GREEN | Full module upgrade and tagged suite on docker-compose.local.yml/test_irg_db: exactly 21 post-test methods, 0 failed, 0 errors, exit 0; no production change required.
2026-07-16 14:06 CEST | independent revalidation | Fresh module upgrade and complete tagged suite executed with docker-compose.local.yml against test_irg_db. odoo.tests.result reported exactly 19 tests, 0 failed, 0 errors; container exit 0. Evidence overwritten in artifacts/odoo-test-full.log.
2026-07-16 14:07 CEST | independent static validation | Confirmed all six precedence cases were executed, including Assignment/Exam, Interaction/Foro cannot-add, Interaction/Foro may-remove, no-line-template inheritance, and matching-template transition behavior. Confirmed 8/8 Python AST parsing inside compose, manifest dependency, model import, canonical transition, no isep_gradebook changes, and no prohibited anti-patterns.
2026-07-16 14:07 CEST | validator harness retry | The first scope predicate rejected the mission's own plan.md and execution.log entries in diff.patch. This was a validator policy mismatch, not a product failure. The corrected scope check permits only those two traceability files in addition to the addon and micro-spec, while excluding verification.json, artifacts, diff.patch itself, and unrelated paths; final static validation passed.
2026-07-16 14:08 CEST | safety | No production or test source was modified by the validator. No commit, pull, push, PR, SSH, deployment, or Dev server/database action was performed.
2026-07-16 14:15 CEST | final independent revalidation | Re-ran the complete module upgrade and tagged suite with docker-compose.local.yml against test_irg_db. Fresh odoo.tests.result evidence reports exactly 21 tests, 0 failed, 0 errors; container exit 0. artifacts/odoo-test-full.log was overwritten with this run.
2026-07-16 14:16 CEST | final precedence coverage | Confirmed all 8/8 precedence regression methods executed: main Exam-only limits Assignment; line Exam-only removes Assignment; no line template inherits main; main Exam-only limits Interaction/Foro; line Exam-only removes Interaction/Foro; matching Assignment/Exam retains both; Assignment-only main prevents a line from adding Exam (show_exam=False); missing main template preserves base line-template visibility.
2026-07-16 14:16 CEST | final safety | Validator did not modify production or test sources. No commit, pull, push, PR, SSH, deployment, or Dev server/database action was performed.
2026-07-16 14:17 CEST | static harness retry | The first static-validation shell wrapper stopped before executing checks because of a quoting error in the validator-only regex. No source or test file was touched; the wrapper was corrected and rerun.
2026-07-16 14:18 CEST | final static validation | Fresh static evidence passed: 8/8 Python files parsed inside compose; 8/8 precedence methods found in the fresh Odoo log; manifest/import/depends passed; main-without-Exam plus line-with-Exam preserves show_exam=False; missing main template falls back to base visibility; no isep_gradebook change; source/test hashes remained unchanged; anti-pattern, canonical transition, scope and six-entry diff.patch checks all passed with exit 0.
2026-07-16 14:20 CEST | documentation | Updated addon README with the main-template ceiling/intersection rule, Exam-only and mixed examples, missing-main fallback, 21-test result, installation guidance and no-retroactive-sweep limitation.
2026-07-16 14:21 CEST | knowledge | Persisted the Dev reproduction (AD003762 header Solo Examen with a mixed op.subject line template), the effective-types intersection pattern and its rationale in the project knowledge base.
2026-07-16 14:22 CEST | changelog | Added mission changelog covering added behavior, fixed precedence, validation evidence and known limitations without claiming commit, push or deployment.
2026-07-16 14:23 CEST | documentation verification | Confirmed production/test/manifest hashes unchanged from the pre-documentation snapshot; markdown fences balanced; whitespace check passed; documentation contains no markdown links requiring target validation.
2026-07-16 14:23 CEST | mission patch | Regenerated diff.patch from nine approved paths only; excluded verification.json, artifacts, diff.patch itself and all unrelated local changes. No commit, pull, push, PR, SSH, deployment or Dev action performed.
2026-07-16 14:30 CEST | stale-store TDD | Added ORM/SQL regression simulating pre-upgrade show_assignment=TRUE, then writing the final exam grade; expected trigger-local refresh and closure.
2026-07-16 14:31 CEST | stale-store RED | Full suite exited 1 with the single expected regression failure: show_assignment remained True; 1 failed, 0 errors of exactly 22 methods.
2026-07-16 14:32 CEST | stale-store implementation | _irg_try_auto_close now refreshes compute_data_show only for non-empty lines of each affected in-progress gradebook before readiness evaluation; done/empty books are skipped and no global search is used.
2026-07-16 14:33 CEST | stale-store GREEN | Full module upgrade and tagged suite on docker-compose.local.yml/test_irg_db: exactly 22 post-test methods, 0 failed, 0 errors, exit 0.
2026-07-16 14:33 CEST | performance/scope | Refresh is O(lines of affected in-progress gradebook), reusing the recordset already evaluated for readiness; empty/done books skip compute and there is no search, migration or install-time sweep.
2026-07-16 14:34 CEST | final independent validation | Fresh full module upgrade and tagged suite executed with docker-compose.local.yml against test_irg_db. odoo.tests.result reported exactly 22 tests, 0 failed, 0 errors; container exit 0. artifacts/odoo-test-full.log was overwritten with this run.
2026-07-16 14:35 CEST | stale-store acceptance | Confirmed test_result_write_refreshes_stale_stored_visibility executed: main Solo Exam plus mixed line template, show_assignment forced TRUE in storage, result.write refreshed the affected line to FALSE and closed the gradebook.
2026-07-16 14:36 CEST | final static validation | Confirmed 8/8 precedence regressions in the fresh log; 8/8 Python sources parsed inside compose; manifest/import/depends passed; trigger refresh is restricted to non-empty affected in-progress gradebooks, done/empty records skip compute, and no model search/global sweep exists. Confirmed canonical transition and no isep_gradebook changes.
2026-07-16 14:37 CEST | final scope and safety | diff.patch contains exactly 10 approved mission paths, applies to HEAD and reconstructs workspace postimages; unrelated local changes remain untouched. No production/test source was modified by the validator. No commit, pull, push, PR, SSH, deployment or Dev server/database action was performed.
2026-07-16 14:39 CEST | documentation stale-store update | Updated README, reusable knowledge and mission changelog for trigger-local refresh of stored show_* values, no-global-sweep boundary, stale-store regression and final count of 22 tests.
2026-07-16 14:40 CEST | documentation patch refresh | Regenerated diff.patch with the current 10-path mission scope, including the stale-store production/test delta and final documentation; verification route-count evidence should be re-audited after documentation regeneration. No commit, pull, push, PR, SSH, deployment or Dev action performed.
