2026-07-14T00:00:00+02:00 PLAN Mission initialized from /Users/ivrogo/Downloads/plan.md.
2026-07-14T00:00:01+02:00 PLAN Classified complex: >5 files and authentication impact; Security Advisor required.
2026-07-14T00:00:02+02:00 PLAN Isolated worktree created on feat/student-campus-block and fast-forwarded to origin/Dev_iRG@65ec4a043.
2026-07-14T00:00:03+02:00 PLAN Decision: button restricted to group_op_back_office_admin; Moodle explicitly deferred.
2026-07-14T00:00:04+02:00 SECURITY_REVIEW FAILED (tier complex): view-only authorization, ambiguous toggle, and unvalidated sudo target were rejected.
2026-07-14T00:00:05+02:00 PLAN Amended before code: explicit idempotent actions, server-side group check, portal-only target validation, precise authentication scope, and expanded negative/rematriculation tests.
2026-07-14T00:10:00+02:00 IMPLEMENTATION Read mission plan, source specification, Odoo developer skill, project knowledge/workflow, OpenEduCat student/group/view code, chatter patterns, and optional re-matriculation flow.
2026-07-14T00:11:00+02:00 TDD_RED Created module manifest and tests only; no production model or view implementation exists yet.
2026-07-14T10:00:00+02:00 TDD_RED First exec attempt reused the pre-existing container mount and ignored the worktree module (0 tests); evidence preserved as artifacts/tdd-red-infrastructure-attempt.log.
2026-07-14T10:00:10+02:00 TDD_RED Re-ran in an ephemeral compose container with the worktree overlay. Expected RED observed: 10 tests executed, 10 errors caused by missing actions/field/view. Evidence: artifacts/tdd-red.log.
2026-07-14T10:02:00+02:00 IMPLEMENTATION Added minimal op.student inheritance and inherited form view. Server authorization precedes target lookup; target must be external portal; active_test=False is used; sudo is limited to res.users.write; chatter runs as the real operator; actions are explicit and idempotent.
2026-07-14T10:03:00+02:00 TDD_GREEN_ATTEMPT 9/10 tests passed. The optional re-matriculation fixture failed before exercising behavior because this database requires unrelated academic fields on persisted op.admission records. Production behavior had no failure.
2026-07-14T10:03:30+02:00 TDD_REFACTOR Changed only the optional cross-module fixture to an in-memory op.admission record, avoiding unrelated course/register dependencies while still exercising _ensure_portal_user against the real linked blocked user.
2026-07-14T10:04:00+02:00 TDD_GREEN 10/10 tests passed with 0 failures and 0 errors. Evidence: artifacts/tdd-green.log.
2026-07-14T10:04:30+02:00 IMPLEMENTATION Added proportional characterization for the second planned re-matriculation scenario: an archived user that was unlinked remains inactive and the optional wizard's pre-existing duplicate-login collision is explicitly reproduced as out of scope.
2026-07-14T10:05:00+02:00 CHARACTERIZATION_ATTEMPT The collision was reproduced, but Odoo's website res.users constraint converts it to ValidationError before PostgreSQL IntegrityError. Updated the expected public exception type; no production code changed.
2026-07-14T10:06:00+02:00 TDD_GREEN_FINAL 11/11 tests passed with 0 failures and 0 errors. Both planned re-matriculation scenarios ran because the optional wizard is installed in test_irg_db. Evidence: artifacts/tdd-green.log.
2026-07-14T10:06:30+02:00 IMPLEMENTATION_CHECK Python compilation and XML parsing passed. Exactly one sudo() exists and is limited to target_user.sudo().write({'active': active}). No existing module was edited and no verification.json was generated.
2026-07-14T12:06:00+02:00 VALIDATION Independent validator stopped the long-running Odoo service and used docker-compose.local.yml plus the worktree overlay for a fresh module upgrade and complete tagged test run.
2026-07-14T12:06:43+02:00 VALIDATION_TESTS Fresh Odoo run exited 0: module upgraded, registry/view loaded, and 11/11 test methods passed with 0 failures and 0 errors. Evidence: artifacts/validation-module-tests.log.
2026-07-14T12:07:00+02:00 VALIDATION_HTTP Recreated the local Odoo service temporarily with the worktree overlay and seeded disposable validation users in test_irg_db.
2026-07-14T12:08:00+02:00 VALIDATION_HTTP_ATTEMPT Initial probe infrastructure attempts failed before completing assertions: host Python lacked requests, then CookieJar lookup was incorrect; the probe was rewritten with Python stdlib and an explicit CookieJar. No module code changed and no model verification failure occurred.
2026-07-14T12:09:00+02:00 VALIDATION_HTTP Fresh real HTTP/JSON-RPC probe passed: active portal authenticated and opened /my/home (200); block action was invoked as back-office admin through /web/dataset/call_kw; the already-authenticated portal session was redirected to /web/login on its next request (303); a new authentication attempt returned no uid; after unblock, authentication and /my/home (200) were restored. Redis session deletion was explicitly not asserted. Evidence: artifacts/http-auth-probe.log.
2026-07-14T12:10:00+02:00 VALIDATION_STATIC Python compile/AST, manifest, XML inheritance/XPath structure, explicit groups, mutually state-controlled actions, ribbon, limited sudo, and Moodle non-integration checks passed. Ruff passed with F401 ignored only for mandatory Odoo package registration imports. Evidence: artifacts/static-validation.log.
2026-07-14T12:10:20+02:00 VALIDATION_CLEANUP Disposable validation users were archived in test_irg_db and the persistent odoo16irg_local service was recreated with its original main-checkout addons mount.
2026-07-14T12:11:00+02:00 VALIDATION_RESULT All relevant checks passed independently at tier complex; escalations=0. verification.json generated with status passed.
2026-07-14T12:14:38+02:00 TRACEABILITY_CORRECTION The successful Security Advisor re-review that occurred after the amended plan and before the original implementation was omitted from this log. Exact prior verdict: [YES] Reason: El plan enmendado mitiga los riesgos de autorización RPC, escalado con sudo, desbloqueo accidental, afectación de usuarios internos, alcance engañoso y re-matrícula antes de iniciar la implementación.
2026-07-14T12:14:38+02:00 QUALITY_REVIEW CHANGES_REQUIRED at tier complex: [P1] execution.log omitted the required successful Security Advisor verdict after the failed review; [P2] the Campus ribbon could overlap OpenEduCat's base Archived ribbon when both student and linked user were inactive; [P2] test_faculty_cannot_call_action_through_rpc used with_user() ORM rather than RPC, while the HTTP probe only exercised the action as admin. Anti-pattern review independently confirmed the ribbon overlap.
2026-07-14T12:14:38+02:00 REWORK Re-enqueued at the maximum complex tier. Scope remains limited to TDD coverage and visibility fix for ribbon precedence, precise naming of the ORM authorization test, and maintainable real /web/dataset/call_kw denial evidence as a disposable faculty user. No functional security logic will change.
2026-07-14T12:14:38+02:00 SECURITY_RE_REVIEW Before rework implementation, Security Advisor approved the amendment with conditions: disposable faculty seed/cleanup, exact error.data.name == odoo.exceptions.AccessError, and post-denial res.users.active verification using active_test=False. Verdict: [YES] Reason: La enmienda corrige una colisión visual sin alterar autenticación y sustituye una afirmación ORM imprecisa por evidencia HTTP real de mínimo privilegio, siempre que el faculty sea desechable, se valide exactamente AccessError y el estado active se consulte con active_test=False.
2026-07-14T12:15:27+02:00 TDD_REWORK_RED Added the ribbon precedence assertion before production changes and renamed the faculty ORM test precisely. Fresh docker-compose.local.yml + worktree overlay run produced the expected single failure: active=False was absent from the Campus ribbon attrs; 1 failed, 0 errors of 11 tests. Evidence: artifacts/tdd-rework-red.log.
2026-07-14T12:16:21+02:00 TDD_REWORK_GREEN Changed only the inherited Campus ribbon attrs to hide it when either campus is not blocked or op.student.active=False, preserving the base Archived ribbon. Fresh module upgrade and tagged suite passed 11/11 methods with 0 failures and 0 errors. Evidence: artifacts/tdd-rework-green.log.
2026-07-14T12:16:49+02:00 RPC_REWORK_SEED Extended the disposable HTTP seed with an active faculty user in group_op_faculty and kept operator/portal fixtures isolated. Evidence: artifacts/http-auth-rework-seed.log.
2026-07-14T12:17:00+02:00 RPC_REWORK_GREEN Real HTTP JSON-RPC passed: faculty authenticated, /web/dataset/call_kw action_block_campus_access returned error.data.name=odoo.exceptions.AccessError, and operator search_read on res.users with active_test=False confirmed the target remained active=True. The existing admin block/session/login/unblock assertions also remained green. Evidence: artifacts/http-auth-rework-probe.log.
2026-07-14T12:17:30+02:00 REWORK_CLEANUP Archived disposable faculty, operator, and portal users; direct read-back confirmed all three active=False. Restored odoo16irg_local using the original main-checkout addons mount. Evidence: artifacts/http-auth-rework-cleanup.log.
2026-07-14T12:18:08+02:00 REWORK_STATIC Python compilation, XML/static security assertions, and Ruff passed. The production authorization implementation and its single limited sudo() were unchanged. Evidence: artifacts/static-rework.log and artifacts/ruff-rework.log. Implementation rework complete; no documentation, diff.patch, verification.json update, commit, push, or PR performed.
2026-07-14T12:19:15+02:00 IMPLEMENTATION_REWORK_FINAL Fresh completion gate re-ran the full compose module upgrade and tagged suite: 11/11 methods, 0 failed, 0 errors. Re-checked stored RPC JSON assertions and original addons mount restoration. Evidence: artifacts/implementation-rework-final-tests.log and artifacts/http-auth-rework-probe.log. Handoff to independent validation; verification.json deliberately left unchanged for the validator.
2026-07-14T12:20:38+02:00 FINAL_VALIDATION_START Independent final validation ignored the obsolete verification.json, re-read the source specification, mission plan, execution history, module code, tests, rework evidence, compose overlay, and current Git scope. Tier remains complex; validation escalations=0.
2026-07-14T12:20:49+02:00 FINAL_VALIDATION_TESTS Stopped the persistent Odoo service and ran a fresh docker-compose.local.yml + worktree overlay module upgrade and tagged test suite in an ephemeral container. Exit 0; 11/11 methods, 0 failed, 0 errors; all 718 installed modules and the inherited view loaded. Evidence: artifacts/final-validation-module-tests.log.
2026-07-14T12:21:08+02:00 FINAL_VALIDATION_STATIC Fresh compileall, AST/manifest/XML checks, Ruff 0.12.0, single limited sudo assertion, Moodle scope assertion, and the four-state base Archived/Campus ribbon mutual-exclusion truth table passed. Evidence: artifacts/final-validation-static.log.
2026-07-14T12:21:40+02:00 FINAL_VALIDATION_HTTP_SEED Recreated odoo16irg_local temporarily with the worktree overlay, verified the worktree addons mount, and seeded disposable admin, faculty, portal and student fixtures. Evidence: artifacts/final-validation-http-seed.log.
2026-07-14T12:21:54+02:00 FINAL_VALIDATION_HTTP Fresh real HTTP/JSON-RPC probe passed. Faculty /web/dataset/call_kw denial returned error.data.name=odoo.exceptions.AccessError; admin search_read with active_test=False proved the target remained active=True. Portal login and /my/home 200 succeeded before blocking; after admin RPC block, the existing session's next request redirected 303 to /web/login and new login returned no uid; admin unblock restored the original uid and /my/home 200. Evidence: artifacts/final-validation-http-probe.log.
2026-07-14T12:22:07+02:00 FINAL_VALIDATION_CLEANUP Archived all three disposable users. Direct PostgreSQL read-back confirmed operator, faculty and portal active=false. Evidence: artifacts/final-validation-http-cleanup.log and artifacts/final-validation-cleanup-state.log.
2026-07-14T12:22:31+02:00 FINAL_VALIDATION_RESTORE Recreated the persistent odoo16irg_local service from docker-compose.local.yml without the overlay. The first verification shell snippet used zsh's reserved variable name status and was retried immediately without changing service state. Final check proved service=running and /mnt/extra-addons=/Users/ivrogo/Workspace/Proyectos iRG/Odoo16iRG/addons-extra. Evidence: artifacts/final-validation-restoration.log.
2026-07-14T12:22:46+02:00 FINAL_VALIDATION_SCOPE git diff --quiet proved no tracked file changed; all untracked files remain confined to the new module and its mission directory. Manifest/code inspection confirmed no Moodle integration or changes to existing modules. Evidence: artifacts/final-validation-scope.log.
2026-07-14T12:22:54+02:00 FINAL_VALIDATION_RESULT All relevant checks passed independently at tier complex with validation escalations=0. Obsolete verification.json overwritten with fresh status=passed and final-validation evidence only. No code, documentation, commit, push, or PR was performed.
2026-07-14T12:24:00+02:00 DOCUMENTATION_START Confirmed verification.json status=passed and re-read the plan, source specification, final module/tests, execution history, and final-validation evidence before documenting.
2026-07-14T12:25:00+02:00 DOCUMENTATION Created CHANGELOG.md and artifacts/implementation-report.md covering architecture, files, installation, usage, permissions, authentication/session semantics, Moodle scope, test evidence, and the archived+unlinked re-matriculation limitation.
2026-07-14T12:26:00+02:00 KNOWLEDGE Persisted reusable security, idempotency, active_test=False, narrow sudo, chatter attribution, ribbon precedence, optional-integration testing, session-semantics, re-matriculation, and compose-worktree patterns in .agents/knowledge/odoo_development_modding/artifacts/irg_student_campus_block.md.
2026-07-14T12:27:00+02:00 DIFF Generated diff.patch with the complete new module, CHANGELOG.md, implementation-report.md, and reusable knowledge entry. Voluminous logs, execution.log, verification.json, and diff.patch itself are intentionally excluded.
2026-07-14T12:28:00+02:00 DOCUMENTATION_RESULT Verified required sections in all documents and reverse-checked diff.patch against the current files. Documentation phase complete after verification.json status=passed. No code, tests, verification.json, commit, push, or PR changes were made.
2026-07-14T12:34:57+02:00 PUBLISH_AUTHORIZED User explicitly authorized publishing this validated mission to remote Dev_iRG. Fresh module upgrade and tagged suite passed 11/11 with 0 failures and 0 errors; origin/Dev_iRG remained the mission base. Scope limited to the new module, mission evidence, and reusable knowledge entry.
